23:31:18 **** Incremental Build of configuration Debug for project blink ****
make -j24 all 
arm-none-eabi-gcc "../Src/main.c" -mcpu=cortex-m4 -std=gnu11 -g3 -DDEBUG -DSTM32L476VGTx -DSTM32L4 -DSTM32 -DSTM32L476G_DISCO -c -I../Inc -O0 -ffunction-sections -fdata-sections -Wall -fstack-usage -MMD -MP -MF"Src/main.d" -MT"Src/main.o" --specs=nano.specs -mfpu=fpv4-sp-d16 -mfloat-abi=hard -mthumb -o "Src/main.o"
arm-none-eabi-gcc -o "blink.elf" @"objects.list"   -mcpu=cortex-m4 -T"C:\Users\Hakeem\STM32CubeIDE\workspace_1.10.1\blink\STM32L476VGTX_FLASH.ld" --specs=nosys.specs -Wl,-Map="blink.map" -Wl,--gc-sections -static --specs=nano.specs -mfpu=fpv4-sp-d16 -mfloat-abi=hard -mthumb -Wl,--start-group -lc -lm -Wl,--end-group
Finished building target: blink.elf
 
arm-none-eabi-size   blink.elf 
arm-none-eabi-objdump -h -S  blink.elf  > "blink.list"
   text	   data	    bss	    dec	    hex	filename
    960	      8	   1568	   2536	    9e8	blink.elf
Finished building: default.size.stdout
 
Finished building: blink.list
 
23:31:26 **** Incremental Build of configuration Debug for project blink ****
make -j24 all 
arm-none-eabi-size   blink.elf 
   text	   data	    bss	    dec	    hex	filename
    960	      8	   1568	   2536	    9e8	blink.elf
Finished building: default.size.stdout
 
23:32:28 **** Incremental Build of configuration Debug for project blink ****
make -j24 all 
arm-none-eabi-size   blink.elf 
   text	   data	    bss	    dec	    hex	filename
    960	      8	   1568	   2536	    9e8	blink.elf
Finished building: default.size.stdout
 
23:33:03 **** Incremental Build of configuration Debug for project blink ****
make -j24 all 
arm-none-eabi-size   blink.elf 
   text	   data	    bss	    dec	    hex	filename
    960	      8	   1568	   2536	    9e8	blink.elf
Finished building: default.size.stdout
 
23:41:42 **** Incremental Build of configuration Debug for project blink ****
make -j24 all 
arm-none-eabi-size   blink.elf 
   text	   data	    bss	    dec	    hex	filename
    960	      8	   1568	   2536	    9e8	blink.elf
Finished building: default.size.stdout
 
23:51:10 **** Incremental Build of configuration Debug for project blink ****
make -j24 all 
arm-none-eabi-gcc "../Src/main.c" -mcpu=cortex-m4 -std=gnu11 -g3 -DDEBUG -DSTM32L476VGTx -DSTM32L4 -DSTM32 -DSTM32L476G_DISCO -c -I../Inc -O0 -ffunction-sections -fdata-sections -Wall -fstack-usage -MMD -MP -MF"Src/main.d" -MT"Src/main.o" --specs=nano.specs -mfpu=fpv4-sp-d16 -mfloat-abi=hard -mthumb -o "Src/main.o"
arm-none-eabi-gcc -o "blink.elf" @"objects.list"   -mcpu=cortex-m4 -T"C:\Users\Hakeem\STM32CubeIDE\workspace_1.10.1\blink\STM32L476VGTX_FLASH.ld" --specs=nosys.specs -Wl,-Map="blink.map" -Wl,--gc-sections -static --specs=nano.specs -mfpu=fpv4-sp-d16 -mfloat-abi=hard -mthumb -Wl,--start-group -lc -lm -Wl,--end-group
Finished building target: blink.elf
 
arm-none-eabi-size   blink.elf 
arm-none-eabi-objdump -h -S  blink.elf  > "blink.list"
   text	   data	    bss	    dec	    hex	filename
    948	      8	   1568	   2524	    9dc	blink.elf
Finished building: default.size.stdout
 
Finished building: blink.list
 
23:55:47 **** Incremental Build of configuration Debug for project blink ****
make -j24 all 
arm-none-eabi-gcc "../Src/main.c" -mcpu=cortex-m4 -std=gnu11 -g3 -DDEBUG -DSTM32L476VGTx -DSTM32L4 -DSTM32 -DSTM32L476G_DISCO -c -I../Inc -O0 -ffunction-sections -fdata-sections -Wall -fstack-usage -MMD -MP -MF"Src/main.d" -MT"Src/main.o" --specs=nano.specs -mfpu=fpv4-sp-d16 -mfloat-abi=hard -mthumb -o "Src/main.o"
arm-none-eabi-gcc -o "blink.elf" @"objects.list"   -mcpu=cortex-m4 -T"C:\Users\Hakeem\STM32CubeIDE\workspace_1.10.1\blink\STM32L476VGTX_FLASH.ld" --specs=nosys.specs -Wl,-Map="blink.map" -Wl,--gc-sections -static --specs=nano.specs -mfpu=fpv4-sp-d16 -mfloat-abi=hard -mthumb -Wl,--start-group -lc -lm -Wl,--end-group
Finished building target: blink.elf
 
arm-none-eabi-size   blink.elf 
arm-none-eabi-objdump -h -S  blink.elf  > "blink.list"
   text	   data	    bss	    dec	    hex	filename
    948	      8	   1568	   2524	    9dc	blink.elf
Finished building: default.size.stdout
 
Finished building: blink.list
 
00:13:46 **** Incremental Build of configuration Debug for project blink ****
make -j24 all 
arm-none-eabi-gcc "../Src/main.c" -mcpu=cortex-m4 -std=gnu11 -g3 -DDEBUG -DSTM32L476VGTx -DSTM32L4 -DSTM32 -DSTM32L476G_DISCO -c -I../Inc -O0 -ffunction-sections -fdata-sections -Wall -fstack-usage -MMD -MP -MF"Src/main.d" -MT"Src/main.o" --specs=nano.specs -mfpu=fpv4-sp-d16 -mfloat-abi=hard -mthumb -o "Src/main.o"
arm-none-eabi-gcc -o "blink.elf" @"objects.list"   -mcpu=cortex-m4 -T"C:\Users\Hakeem\STM32CubeIDE\workspace_1.10.1\blink\STM32L476VGTX_FLASH.ld" --specs=nosys.specs -Wl,-Map="blink.map" -Wl,--gc-sections -static --specs=nano.specs -mfpu=fpv4-sp-d16 -mfloat-abi=hard -mthumb -Wl,--start-group -lc -lm -Wl,--end-group
Finished building target: blink.elf
 
arm-none-eabi-size   blink.elf 
arm-none-eabi-objdump -h -S  blink.elf  > "blink.list"
   text	   data	    bss	    dec	    hex	filename
    948	      8	   1568	   2524	    9dc	blink.elf
Finished building: default.size.stdout
 
Finished building: blink.list
 
00:14:24 **** Incremental Build of configuration Debug for project blink ****
make -j24 all 
arm-none-eabi-size   blink.elf 
   text	   data	    bss	    dec	    hex	filename
    948	      8	   1568	   2524	    9dc	blink.elf
Finished building: default.size.stdout
 
