20:14:17 **** Incremental Build of configuration Debug for project LEDTest2 ****
make -j24 all 
arm-none-eabi-gcc "../Src/main.c" -mcpu=cortex-m4 -std=gnu11 -g3 -DDEBUG -DSTM32L476VGTx -DSTM32L4 -DSTM32 -DSTM32L476G_DISCO -c -I../Inc -O0 -ffunction-sections -fdata-sections -Wall -fstack-usage -MMD -MP -MF"Src/main.d" -MT"Src/main.o" --specs=nano.specs -mfpu=fpv4-sp-d16 -mfloat-abi=hard -mthumb -o "Src/main.o"
../Src/main.c:22:4: warning: #warning "FPU is not initialized, but the project is compiling for an FPU. Please initialize the FPU before use." [-Wcpp]
   22 |   #warning "FPU is not initialized, but the project is compiling for an FPU. Please initialize the FPU before use."
      |    ^~~~~~~
arm-none-eabi-gcc -o "LEDTest2.elf" @"objects.list"   -mcpu=cortex-m4 -T"C:\Users\Hakeem\STM32CubeIDE\workspace_1.10.1\LEDTest2\STM32L476VGTX_FLASH.ld" --specs=nosys.specs -Wl,-Map="LEDTest2.map" -Wl,--gc-sections -static --specs=nano.specs -mfpu=fpv4-sp-d16 -mfloat-abi=hard -mthumb -Wl,--start-group -lc -lm -Wl,--end-group
Finished building target: LEDTest2.elf
 
arm-none-eabi-size   LEDTest2.elf 
arm-none-eabi-objdump -h -S  LEDTest2.elf  > "LEDTest2.list"
   text	   data	    bss	    dec	    hex	filename
    780	      8	   1568	   2356	    934	LEDTest2.elf
Finished building: default.size.stdout
 
Finished building: LEDTest2.list
 

20:14:18 Build Finished. 0 errors, 1 warnings. (took 390ms)

